[0m05:03:09.029554 [debug] [MainThread]: Sending event: {'category': 'dbt', 'action': 'invocation', 'label': 'start', 'context': [<snowplow_tracker.self_describing_json.SelfDescribingJson object at 0x7cc1388812b0>, <snowplow_tracker.self_describing_json.SelfDescribingJson object at 0x7cc138882810>, <snowplow_tracker.self_describing_json.SelfDescribingJson object at 0x7cc138883f20>]}


============================== 05:03:09.037002 | 804e531c-4974-42fe-90d7-71d7a7d50c49 ==============================
[0m05:03:09.037002 [info ] [MainThread]: Running with dbt=1.9.4
[0m05:03:09.037928 [debug] [MainThread]: running dbt with arguments {'printer_width': '80', 'indirect_selection': 'eager', 'write_json': 'True', 'log_cache_events': 'False', 'partial_parse': 'True', 'cache_selected_only': 'False', 'profiles_dir': '/home/airflow/.dbt', 'fail_fast': 'False', 'version_check': 'True', 'log_path': 'logs', 'warn_error': 'None', 'debug': 'False', 'use_colors': 'True', 'use_experimental_parser': 'False', 'empty': 'None', 'quiet': 'False', 'no_print': 'None', 'warn_error_options': 'WarnErrorOptions(include=[], exclude=[])', 'invocation_command': 'dbt init', 'static_parser': 'True', 'introspect': 'True', 'target_path': 'None', 'log_format': 'default', 'send_anonymous_usage_stats': 'True'}
[0m05:03:09.049401 [warn ] [MainThread]: [ConfigFolderDirectory]: Unable to parse logging event dictionary. Failed to parse dir field: expected string or bytes-like object, got 'PosixPath'.. Dictionary: {'dir': PosixPath('/home/airflow/.dbt')}
[0m05:03:09.050302 [info ] [MainThread]: Creating dbt configuration folder at 
[0m05:03:24.429326 [debug] [MainThread]: Starter project path: /opt/airflow/dbt_venv/lib/python3.12/site-packages/dbt/include/starter_project
[0m05:03:24.534610 [info ] [MainThread]: 
Your new dbt project "warehouse_pipeline" was created!

For more information on how to configure the profiles.yml file,
please consult the dbt documentation here:

  https://docs.getdbt.com/docs/configure-your-profile

One more thing:

Need help? Don't hesitate to reach out to us via GitHub issues or on Slack:

  https://community.getdbt.com/

Happy modeling!

[0m05:03:24.535316 [info ] [MainThread]: Setting up your profile.
[0m05:12:14.753652 [info ] [MainThread]: Profile warehouse_pipeline written to /home/airflow/.dbt/profiles.yml using target's profile_template.yml and your supplied values. Run 'dbt debug' to validate the connection.
[0m05:12:14.755810 [debug] [MainThread]: Resource report: {"command_name": "init", "command_success": true, "command_wall_clock_time": 545.80133, "process_in_blocks": "6784", "process_kernel_time": 0.426907, "process_mem_max_rss": "212244", "process_out_blocks": "8", "process_user_time": 3.411268}
[0m05:12:14.757503 [debug] [MainThread]: Command `dbt init` succeeded at 05:12:14.757304 after 545.80 seconds
[0m05:12:14.758210 [debug] [MainThread]: Sending event: {'category': 'dbt', 'action': 'invocation', 'label': 'end', 'context': [<snowplow_tracker.self_describing_json.SelfDescribingJson object at 0x7cc0ff0afd10>, <snowplow_tracker.self_describing_json.SelfDescribingJson object at 0x7cc0ff067500>, <snowplow_tracker.self_describing_json.SelfDescribingJson object at 0x7cc1386a1d00>]}
[0m05:12:14.758932 [debug] [MainThread]: Flushing usage events
[0m05:12:16.992410 [debug] [MainThread]: An error was encountered while trying to flush usage events
